../APP/Src/app_main_function.c:29:6:LoadDACConstant	16	static
../APP/Src/app_main_function.c:63:6:StoreDACConstant	16	static
../APP/Src/app_main_function.c:74:7:GetDACConstant	24	static
../APP/Src/app_main_function.c:101:6:SendDACCoefficients	24	static
../APP/Src/app_main_function.c:116:10:Get_PreRegulatorVoltage	16	static
../APP/Src/app_main_function.c:122:10:Get_DACValue	24	static
../APP/Src/app_main_function.c:145:6:Set_PreReg_Voltage	24	static
../APP/Src/app_main_function.c:160:6:Set_OutReg_Voltage	24	static
../APP/Src/app_main_function.c:176:6:Set_Voltage	24	static
../APP/Src/app_main_function.c:218:6:Set_Voltage_From_Ramping	24	static
../APP/Src/app_main_function.c:265:6:Channel_Enable	24	static
../APP/Src/app_main_function.c:293:6:Channel_Polarity	24	static
../APP/Src/app_main_function.c:314:6:Channel_Output	16	static
../APP/Src/app_main_function.c:334:6:ChannelControl	24	static
../APP/Src/app_main_function.c:381:6:Get_ChannelVoltage	16	static
../APP/Src/app_main_function.c:394:6:Get_ChannelCurrent	16	static
../APP/Src/app_main_function.c:402:6:Get_ErrorSignals	16	static
../APP/Src/app_main_function.c:421:6:Get_AllMeasurement	8	static
../APP/Src/app_main_function.c:437:6:Get_Setting	8	static
../APP/Src/app_main_function.c:463:6:System_Reset	4	static,ignoring_inline_asm
