../APP/Src/app_main_function.c:32:7:GetDacCoef_k	24	static
../APP/Src/app_main_function.c:42:7:GetDacCoef_q	24	static
../APP/Src/app_main_function.c:55:6:StoreDACConstant	24	static
../APP/Src/app_main_function.c:65:6:SendDACCoefficients	24	static
../APP/Src/app_main_function.c:80:10:Get_PreRegulatorVoltage	16	static
../APP/Src/app_main_function.c:86:10:Get_DACValue	32	static
../APP/Src/app_main_function.c:113:6:Set_PreReg_Voltage	24	static
../APP/Src/app_main_function.c:128:6:Set_OutReg_Voltage	24	static
../APP/Src/app_main_function.c:144:6:Set_Voltage	24	static
../APP/Src/app_main_function.c:184:6:Set_VoltageInEnable	24	static
../APP/Src/app_main_function.c:202:6:Set_Voltage_From_Ramping	24	static
../APP/Src/app_main_function.c:249:6:Channel_Enable	24	static
../APP/Src/app_main_function.c:293:6:Channel_Restart	24	static
../APP/Src/app_main_function.c:305:6:Channel_Enable_fromRestart	24	static
../APP/Src/app_main_function.c:333:6:Channel_Polarity	24	static
../APP/Src/app_main_function.c:357:6:Channel_Output	16	static
../APP/Src/app_main_function.c:380:6:ChannelControl	24	static
../APP/Src/app_main_function.c:451:6:Get_ChannelVoltage	16	static
../APP/Src/app_main_function.c:464:6:Get_ChannelCurrent	16	static
../APP/Src/app_main_function.c:472:6:Get_ErrorSignals	16	static
../APP/Src/app_main_function.c:491:6:Get_AllMeasurement	8	static
../APP/Src/app_main_function.c:507:6:Get_Setting	8	static
../APP/Src/app_main_function.c:532:6:Get_State_err	16	static
../APP/Src/app_main_function.c:557:6:System_Reset	4	static,ignoring_inline_asm
