../APP/Src/app_main_function.c:29:6:LoadDACConstant	16	static
../APP/Src/app_main_function.c:63:6:StoreDACConstant	16	static
../APP/Src/app_main_function.c:74:7:GetDACConstant	24	static
../APP/Src/app_main_function.c:101:6:SendDACCoefficients	24	static
../APP/Src/app_main_function.c:116:10:Get_PreRegulatorVoltage	16	static
../APP/Src/app_main_function.c:122:10:Get_DACValue	24	static
../APP/Src/app_main_function.c:145:6:Set_PreReg_Voltage	24	static
../APP/Src/app_main_function.c:160:6:Set_OutReg_Voltage	24	static
../APP/Src/app_main_function.c:176:6:Set_Voltage	24	static
../APP/Src/app_main_function.c:218:6:Set_Voltage_From_Ramping	24	static
../APP/Src/app_main_function.c:265:6:Channel_Enable	24	static
../APP/Src/app_main_function.c:296:6:Channel_Polarity	24	static
../APP/Src/app_main_function.c:317:6:Channel_Output	16	static
../APP/Src/app_main_function.c:337:6:ChannelControl	24	static
../APP/Src/app_main_function.c:386:6:Get_ChannelVoltage	16	static
../APP/Src/app_main_function.c:399:6:Get_ChannelCurrent	16	static
../APP/Src/app_main_function.c:407:6:Get_ErrorSignals	16	static
../APP/Src/app_main_function.c:426:6:Get_AllMeasurement	8	static
../APP/Src/app_main_function.c:442:6:Get_Setting	8	static
../APP/Src/app_main_function.c:468:6:System_Reset	4	static,ignoring_inline_asm
