../APP/Src/app_main_function.c:28:6:LoadDACConstant	16	static
../APP/Src/app_main_function.c:62:6:StoreDACConstant	16	static
../APP/Src/app_main_function.c:73:7:GetDACConstant	24	static
../APP/Src/app_main_function.c:100:6:SendDACCoefficients	24	static
../APP/Src/app_main_function.c:115:10:Get_PreRegulatorVoltage	16	static
../APP/Src/app_main_function.c:121:10:Get_DACValue	24	static
../APP/Src/app_main_function.c:144:6:Set_PreReg_Voltage	24	static
../APP/Src/app_main_function.c:159:6:Set_OutReg_Voltage	24	static
../APP/Src/app_main_function.c:175:6:Set_Voltage	24	static
../APP/Src/app_main_function.c:217:6:Set_Voltage_From_Ramping	24	static
../APP/Src/app_main_function.c:264:6:Channel_Enable	24	static
../APP/Src/app_main_function.c:292:6:Channel_Polarity	24	static
../APP/Src/app_main_function.c:313:6:Channel_Output	16	static
../APP/Src/app_main_function.c:333:6:ChannelControl	24	static
../APP/Src/app_main_function.c:380:6:Get_ChannelVoltage	16	static
../APP/Src/app_main_function.c:393:6:Get_ChannelCurrent	16	static
../APP/Src/app_main_function.c:401:6:Get_ErrorSignals	16	static
../APP/Src/app_main_function.c:420:6:Get_AllMeasurement	8	static
../APP/Src/app_main_function.c:436:6:Get_Setting	8	static
../APP/Src/app_main_function.c:462:6:System_Reset	4	static,ignoring_inline_asm
