../APP/Src/app_communication.c:192:6:ProcessCommand	16	static
../APP/Src/app_communication.c:415:5:get_string_length	24	static
../APP/Src/app_communication.c:438:6:StringIsEqual	40	static
../APP/Src/app_communication.c:464:5:GetDelimiterPosition	32	static
../APP/Src/app_communication.c:489:6:ProcessLine	72	static
../APP/Src/app_communication.c:570:6:ProcessCommunication_UART	88	static
../APP/Src/app_communication.c:611:6:ProcessCommunication_ETH	88	static
../APP/Src/app_communication.c:652:6:SendCommunication	56	static
../APP/Src/app_communication.c:683:6:SendCommunication_float	72	static
../APP/Src/app_communication.c:714:6:SendCommunication_u32	56	static
../APP/Src/app_communication.c:740:6:Comunication_ResetConnectedTimer	8	static
../APP/Src/app_communication.c:746:6:Communication_ConnectedTimer	8	static
