../APP/Src/app_udp.c:36:6:ETH_StoreIP	16	static
../APP/Src/app_udp.c:47:6:ETH_StoreNETMASK	16	static
../APP/Src/app_udp.c:58:6:ETH_StoreGATEWAY	16	static
../APP/Src/app_udp.c:68:10:ETH_GetIP	16	static
../APP/Src/app_udp.c:85:10:ETH_GetNETMASK	16	static
../APP/Src/app_udp.c:102:10:ETH_GetGATEWAY	16	static
../APP/Src/app_udp.c:122:6:W5500_Select	8	static
../APP/Src/app_udp.c:127:6:W5500_Unselect	8	static
../APP/Src/app_udp.c:132:6:W5500_ReadBuff	16	static
../APP/Src/app_udp.c:137:6:W5500_WriteBuff	16	static
../APP/Src/app_udp.c:142:9:W5500_ReadByte	16	static
../APP/Src/app_udp.c:149:6:W5500_WriteByte	16	static
../APP/Src/app_udp.c:159:6:ETH_SendSetting	8	static
../APP/Src/app_udp.c:169:6:ETH_load_ip	16	static
../APP/Src/app_udp.c:208:6:ETH_udp_Init	24	static
../APP/Src/app_udp.c:247:6:ETH_udp_StoreEndpoint	4	static
../APP/Src/app_udp.c:262:6:ETH_udp_Transmit	32	static
../APP/Src/app_udp.c:293:6:ETH_udp_Receive	1056	static
