../APP/Src/app_udp.c:37:6:ETH_StoreIP	16	static
../APP/Src/app_udp.c:47:6:ETH_StoreNETMASK	16	static
../APP/Src/app_udp.c:57:6:ETH_StoreGATEWAY	16	static
../APP/Src/app_udp.c:66:10:ETH_GetIP	16	static
../APP/Src/app_udp.c:76:10:ETH_GetNETMASK	16	static
../APP/Src/app_udp.c:87:10:ETH_GetGATEWAY	16	static
../APP/Src/app_udp.c:100:6:W5500_Select	8	static
../APP/Src/app_udp.c:105:6:W5500_Unselect	8	static
../APP/Src/app_udp.c:110:6:W5500_ReadBuff	16	static
../APP/Src/app_udp.c:115:6:W5500_WriteBuff	16	static
../APP/Src/app_udp.c:120:9:W5500_ReadByte	16	static
../APP/Src/app_udp.c:127:6:W5500_WriteByte	16	static
../APP/Src/app_udp.c:137:6:ETH_SendSetting	8	static
../APP/Src/app_udp.c:147:6:ETH_load_ip	16	static
../APP/Src/app_udp.c:175:6:ETH_udp_Init	24	static
../APP/Src/app_udp.c:215:6:ETH_udp_StoreEndpoint	4	static
../APP/Src/app_udp.c:236:6:ETH_udp_Transmit	32	static
../APP/Src/app_udp.c:274:6:ETH_udp_Receive	4128	static
