../APP/Src/app_udp.c:32:6:ETH_StoreMac_1	16	static
../APP/Src/app_udp.c:37:6:ETH_StoreMac_2	16	static
../APP/Src/app_udp.c:47:6:ETH_StoreIP	16	static
../APP/Src/app_udp.c:57:6:ETH_StoreNETMASK	16	static
../APP/Src/app_udp.c:67:6:ETH_StoreGATEWAY	16	static
../APP/Src/app_udp.c:72:6:ETH_Store_UdpRecPort	16	static
../APP/Src/app_udp.c:81:10:ETH_GetIP	16	static
../APP/Src/app_udp.c:91:10:ETH_GetNETMASK	16	static
../APP/Src/app_udp.c:102:10:ETH_GetGATEWAY	16	static
../APP/Src/app_udp.c:115:6:W5500_Select	8	static
../APP/Src/app_udp.c:120:6:W5500_Unselect	8	static
../APP/Src/app_udp.c:125:6:W5500_ReadBuff	16	static
../APP/Src/app_udp.c:130:6:W5500_WriteBuff	16	static
../APP/Src/app_udp.c:135:9:W5500_ReadByte	16	static
../APP/Src/app_udp.c:142:6:W5500_WriteByte	16	static
../APP/Src/app_udp.c:152:6:ETH_SendSetting	8	static
../APP/Src/app_udp.c:172:6:ETH_load_ip	16	static
../APP/Src/app_udp.c:217:6:ETH_udp_Init	24	static
../APP/Src/app_udp.c:257:6:ETH_udp_StoreEndpoint	16	static
../APP/Src/app_udp.c:280:6:ETH_udp_Transmit	32	static
../APP/Src/app_udp.c:318:6:ETH_udp_Receive	4128	static
