../APP/Src/app_main_function.c:37:7:GetDacCoef_k	24	static
../APP/Src/app_main_function.c:47:7:GetDacCoef_q	24	static
../APP/Src/app_main_function.c:60:6:StoreDACConstant	24	static
../APP/Src/app_main_function.c:70:6:SendDACCoefficients	24	static
../APP/Src/app_main_function.c:85:10:Get_PreRegulatorVoltage	16	static
../APP/Src/app_main_function.c:91:10:Get_DACValue	32	static
../APP/Src/app_main_function.c:112:10:Get_DACValue_F	32	static
../APP/Src/app_main_function.c:139:6:Set_PreReg_Voltage	24	static
../APP/Src/app_main_function.c:154:6:Set_OutReg_Voltage	24	static
../APP/Src/app_main_function.c:163:6:Set_OutReg_Voltage_F	24	static
../APP/Src/app_main_function.c:179:6:Set_Voltage	24	static
../APP/Src/app_main_function.c:225:6:Set_VoltageInEnable	24	static
../APP/Src/app_main_function.c:243:6:Set_Voltage_From_Ramping	24	static
../APP/Src/app_main_function.c:293:6:Channel_Enable	24	static
../APP/Src/app_main_function.c:338:6:Channel_Restart	24	static
../APP/Src/app_main_function.c:371:6:Channel_Enable_fromRestart	24	static
../APP/Src/app_main_function.c:399:6:Channel_Polarity	24	static
../APP/Src/app_main_function.c:423:6:Channel_Output	16	static
../APP/Src/app_main_function.c:446:6:ChannelControl	24	static
../APP/Src/app_main_function.c:518:6:Get_ChannelVoltage	16	static
../APP/Src/app_main_function.c:531:6:Get_ChannelCurrent	16	static
../APP/Src/app_main_function.c:539:6:Get_ErrorSignals	16	static
../APP/Src/app_main_function.c:558:6:Get_AllMeasurement	8	static
../APP/Src/app_main_function.c:574:6:Get_Setting	8	static
../APP/Src/app_main_function.c:599:6:Get_State_err	16	static
../APP/Src/app_main_function.c:624:6:System_Reset	4	static,ignoring_inline_asm
../APP/Src/app_main_function.c:634:6:AdaptiveVoltageTune_Start	16	static
../APP/Src/app_main_function.c:646:6:AdaptiveVoltageTune	40	static
