../APP/Src/app_communication.c:278:6:ProcessCommand	16	static
../APP/Src/app_communication.c:566:5:get_string_length	24	static
../APP/Src/app_communication.c:589:6:StringIsEqual	40	static
../APP/Src/app_communication.c:615:5:GetDelimiterPosition	32	static
../APP/Src/app_communication.c:640:6:ProcessLine	72	static
../APP/Src/app_communication.c:721:6:ProcessCommunication_UART	152	static
../APP/Src/app_communication.c:762:6:ProcessCommunication_ETH	152	static
../APP/Src/app_communication.c:803:6:SendCommunication	152	static
../APP/Src/app_communication.c:834:6:SendCommunication_float	1064	static
../APP/Src/app_communication.c:865:6:SendCommunication_u32	120	static
../APP/Src/app_communication.c:891:6:Comunication_ResetConnectedTimer	8	static
../APP/Src/app_communication.c:897:6:Communication_ConnectedTimer	8	static
