../APP/Src/app_main_function.c:36:7:GetDacCoef_k	24	static
../APP/Src/app_main_function.c:46:7:GetDacCoef_q	24	static
../APP/Src/app_main_function.c:59:6:StoreDACConstant	24	static
../APP/Src/app_main_function.c:69:6:SendDACCoefficients	24	static
../APP/Src/app_main_function.c:84:10:Get_PreRegulatorVoltage	16	static
../APP/Src/app_main_function.c:90:10:Get_DACValue	32	static
../APP/Src/app_main_function.c:111:10:Get_DACValue_F	32	static
../APP/Src/app_main_function.c:138:6:Set_PreReg_Voltage	24	static
../APP/Src/app_main_function.c:153:6:Set_OutReg_Voltage	24	static
../APP/Src/app_main_function.c:162:6:Set_OutReg_Voltage_F	24	static
../APP/Src/app_main_function.c:178:6:Set_Voltage	24	static
../APP/Src/app_main_function.c:220:6:Set_VoltageInEnable	24	static
../APP/Src/app_main_function.c:238:6:Set_Voltage_From_Ramping	24	static
../APP/Src/app_main_function.c:285:6:Channel_Enable	24	static
../APP/Src/app_main_function.c:329:6:Channel_Restart	24	static
../APP/Src/app_main_function.c:362:6:Channel_Enable_fromRestart	24	static
../APP/Src/app_main_function.c:390:6:Channel_Polarity	24	static
../APP/Src/app_main_function.c:414:6:Channel_Output	16	static
../APP/Src/app_main_function.c:437:6:ChannelControl	24	static
../APP/Src/app_main_function.c:500:6:Get_ChannelVoltage	16	static
../APP/Src/app_main_function.c:513:6:Get_ChannelCurrent	16	static
../APP/Src/app_main_function.c:521:6:Get_ErrorSignals	16	static
../APP/Src/app_main_function.c:540:6:Get_AllMeasurement	8	static
../APP/Src/app_main_function.c:556:6:Get_Setting	8	static
../APP/Src/app_main_function.c:581:6:Get_State_err	16	static
../APP/Src/app_main_function.c:606:6:System_Reset	4	static,ignoring_inline_asm
../APP/Src/app_main_function.c:616:6:AdaptiveVoltageTune	40	static
../APP/Src/app_main_function.c:663:6:GetDiff	16	static
