../APP/Src/app_communication.c:258:6:ProcessCommand	16	static
../APP/Src/app_communication.c:527:5:get_string_length	24	static
../APP/Src/app_communication.c:550:6:StringIsEqual	40	static
../APP/Src/app_communication.c:576:5:GetDelimiterPosition	32	static
../APP/Src/app_communication.c:601:6:ProcessLine	72	static
../APP/Src/app_communication.c:682:6:ProcessCommunication_UART	152	static
../APP/Src/app_communication.c:723:6:ProcessCommunication_ETH	152	static
../APP/Src/app_communication.c:764:6:SendCommunication	152	static
../APP/Src/app_communication.c:795:6:SendCommunication_float	1064	static
../APP/Src/app_communication.c:826:6:SendCommunication_u32	120	static
../APP/Src/app_communication.c:852:6:Comunication_ResetConnectedTimer	8	static
../APP/Src/app_communication.c:858:6:Communication_ConnectedTimer	8	static
