../APP/Src/app_udp.c:32:6:ETH_StoreMac	16	static
../APP/Src/app_udp.c:42:6:ETH_StoreIP	16	static
../APP/Src/app_udp.c:52:6:ETH_StoreNETMASK	16	static
../APP/Src/app_udp.c:62:6:ETH_StoreGATEWAY	16	static
../APP/Src/app_udp.c:67:6:ETH_Store_UdpRecPort	16	static
../APP/Src/app_udp.c:76:10:ETH_GetIP	16	static
../APP/Src/app_udp.c:86:10:ETH_GetNETMASK	16	static
../APP/Src/app_udp.c:97:10:ETH_GetGATEWAY	16	static
../APP/Src/app_udp.c:110:6:W5500_Select	8	static
../APP/Src/app_udp.c:115:6:W5500_Unselect	8	static
../APP/Src/app_udp.c:120:6:W5500_ReadBuff	16	static
../APP/Src/app_udp.c:125:6:W5500_WriteBuff	16	static
../APP/Src/app_udp.c:130:9:W5500_ReadByte	16	static
../APP/Src/app_udp.c:137:6:W5500_WriteByte	16	static
../APP/Src/app_udp.c:147:6:ETH_SendSetting	16	static
../APP/Src/app_udp.c:172:6:ETH_load_ip	16	static
../APP/Src/app_udp.c:202:6:ETH_udp_Init	24	static
../APP/Src/app_udp.c:242:6:ETH_udp_StoreEndpoint	16	static
../APP/Src/app_udp.c:265:6:ETH_udp_Transmit	32	static
../APP/Src/app_udp.c:303:6:ETH_udp_Receive	4128	static
